[1;32multragoal backlog sweep verification transcript
[0m[36m$ git log --oneline -3[0m
959632fa5 docs(issues): fix stale issues path reference
35b0b4ced docs(issues): archive resolved RPC-dogfood findings (#3848)
9583da1e5 feat(slack): adopt existing threads (#3816)
[36m$ ls issues/[0m
09-rpc-no-persistent-detached-session.md  10-rpc-no-session-registry.md  README.md  archive/
[36m$ ls issues/archive | wc -l[0m
19
[32mVERIFIED: top-level issues/ contains only live backlog 09/10; 19 archived findings preserved byte-identical[0m
[H[2J[1;32multragoal backlog sweep verification transcript
[0m[36m$ git log --oneline -3[0m
959632fa5 docs(issues): fix stale issues path reference
35b0b4ced docs(issues): archive resolved RPC-dogfood findings (#3848)
9583da1e5 feat(slack): adopt existing threads (#3816)
[36m$ ls issues/[0m
09-rpc-no-persistent-detached-session.md  10-rpc-no-session-registry.md  README.md  archive/
[36m$ ls issues/archive | wc -l[0m
19
[32mVERIFIED: top-level issues/ contains only live backlog 09/10; 19 archived findings preserved byte-identical[0m
[H[2J[1;32multragoal backlog sweep verification transcript
[0m[36m$ git log --oneline -3[0m
959632fa5 docs(issues): fix stale issues path reference
35b0b4ced docs(issues): archive resolved RPC-dogfood findings (#3848)
9583da1e5 feat(slack): adopt existing threads (#3816)
[36m$ ls issues/[0m
09-rpc-no-persistent-detached-session.md  10-rpc-no-session-registry.md  README.md  archive/
[36m$ ls issues/archive | wc -l[0m
19
[32mVERIFIED: top-level issues/ contains only live backlog 09/10; 19 archived findings preserved byte-identical[0m
[H[2J